
> rest-express@1.0.0 build
> tsx script/build.ts

building client...
[36mvite v7.3.1 [32mbuilding client environment for production...[36m[39m
transforming...
[32m✓[39m 43 modules transformed.
[31m✗[39m Build failed in 293ms
[31m[vite:esbuild] Transform failed with 1 error:
C:/Users/Engineering/OneDrive/Desktop/Code-Beautifier/client/src/pages/admin.tsx:419:14: ERROR: Unterminated regular expression[39m
file: [36mC:/Users/Engineering/OneDrive/Desktop/Code-Beautifier/client/src/pages/admin.tsx:419:14[39m
[33m
[33mUnterminated regular expression[33m
417 |              ))}
418 |            </div>
419 |          </div>
    |                ^
420 |        </div>
421 |      </div>
[39m
    at failureErrorWithLog (C:\Users\Engineering\OneDrive\Desktop\Code-Beautifier\node_modules\vite\node_modules\esbuild\lib\main.js:1467:15)
    at C:\Users\Engineering\OneDrive\Desktop\Code-Beautifier\node_modules\vite\node_modules\esbuild\lib\main.js:736:50
    at responseCallbacks.<computed> (C:\Users\Engineering\OneDrive\Desktop\Code-Beautifier\node_modules\vite\node_modules\esbuild\lib\main.js:603:9)
    at handleIncomingPacket (C:\Users\Engineering\OneDrive\Desktop\Code-Beautifier\node_modules\vite\node_modules\esbuild\lib\main.js:658:12)
    at Socket.readFromStdout (C:\Users\Engineering\OneDrive\Desktop\Code-Beautifier\node_modules\vite\node_modules\esbuild\lib\main.js:581:7)
    at Socket.emit (node:events:508:28)
    at addChunk (node:internal/streams/readable:563:12)
    at readableAddChunkPushByteMode (node:internal/streams/readable:514:3)
    at Readable.push (node:internal/streams/readable:394:5)
    at Pipe.onStreamRead (node:internal/stream_base_commons:189:23) {
  errors: [Getter/Setter],
  warnings: [Getter/Setter],
  frame: '\n' +
    '\x1B[33mUnterminated regular expression\x1B[39m\n' +
    '417 |              ))}\n' +
    '418 |            </div>\n' +
    '419 |          </div>\n' +
    '    |                ^\n' +
    '420 |        </div>\n' +
    '421 |      </div>\n',
  loc: {
    column: 14,
    file: 'C:/Users/Engineering/OneDrive/Desktop/Code-Beautifier/client/src/pages/admin.tsx',
    length: 0,
    line: 419,
    lineText: '        </div>',
    namespace: '',
    suggestion: ''
  },
  code: 'PLUGIN_ERROR',
  plugin: 'vite:esbuild',
  hook: 'transform',
  id: 'C:/Users/Engineering/OneDrive/Desktop/Code-Beautifier/client/src/pages/admin.tsx',
  watchFiles: [
    'C:/Users/Engineering/OneDrive/Desktop/Code-Beautifier/client/index.html',
    'C:/Users/Engineering/OneDrive/Desktop/Code-Beautifier/client/src/main.tsx',
    'C:\\Users\\Engineering\\OneDrive\\Desktop\\Code-Beautifier\\package.json',
    'C:/Users/Engineering/OneDrive/Desktop/Code-Beautifier/node_modules/react/jsx-runtime.js',
    'C:/Users/Engineering/OneDrive/Desktop/Code-Beautifier/node_modules/react-dom/client.js',
    'C:/Users/Engineering/OneDrive/Desktop/Code-Beautifier/client/src/App.tsx',
    'C:/Users/Engineering/OneDrive/Desktop/Code-Beautifier/client/src/index.css',
    'C:\\Users\\Engineering\\OneDrive\\Desktop\\Code-Beautifier\\node_modules\\tailwindcss\\index.css',
    'C:\\Users\\Engineering\\OneDrive\\Desktop\\Code-Beautifier\\node_modules\\tw-animate-css\\dist\\tw-animate.css',
    'C:\\Users\\Engineering\\OneDrive\\Desktop\\Code-Beautifier\\client\\index.html',
    'C:\\Users\\Engineering\\OneDrive\\Desktop\\Code-Beautifier\\client\\src\\App.tsx',
    'C:\\Users\\Engineering\\OneDrive\\Desktop\\Code-Beautifier\\client\\src\\components\\ui\\accordion.tsx',
    'C:\\Users\\Engineering\\OneDrive\\Desktop\\Code-Beautifier\\client\\src\\components\\ui\\alert-dialog.tsx',
    'C:\\Users\\Engineering\\OneDrive\\Desktop\\Code-Beautifier\\client\\src\\components\\ui\\alert.tsx',
    'C:\\Users\\Engineering\\OneDrive\\Desktop\\Code-Beautifier\\client\\src\\components\\ui\\aspect-ratio.tsx',
    'C:\\Users\\Engineering\\OneDrive\\Desktop\\Code-Beautifier\\client\\src\\components\\ui\\avatar.tsx',
    'C:\\Users\\Engineering\\OneDrive\\Desktop\\Code-Beautifier\\client\\src\\components\\ui\\badge.tsx',
    'C:\\Users\\Engineering\\OneDrive\\Desktop\\Code-Beautifier\\client\\src\\components\\ui\\breadcrumb.tsx',
    'C:\\Users\\Engineering\\OneDrive\\Desktop\\Code-Beautifier\\client\\src\\components\\ui\\button-group.tsx',
    'C:\\Users\\Engineering\\OneDrive\\Desktop\\Code-Beautifier\\client\\src\\components\\ui\\button.tsx',
    'C:\\Users\\Engineering\\OneDrive\\Desktop\\Code-Beautifier\\client\\src\\components\\ui\\calendar.tsx',
    'C:\\Users\\Engineering\\OneDrive\\Desktop\\Code-Beautifier\\client\\src\\components\\ui\\card.tsx',
    'C:\\Users\\Engineering\\OneDrive\\Desktop\\Code-Beautifier\\client\\src\\components\\ui\\carousel.tsx',
    'C:\\Users\\Engineering\\OneDrive\\Desktop\\Code-Beautifier\\client\\src\\components\\ui\\chart.tsx',
    'C:\\Users\\Engineering\\OneDrive\\Desktop\\Code-Beautifier\\client\\src\\components\\ui\\checkbox.tsx',
    'C:\\Users\\Engineering\\OneDrive\\Desktop\\Code-Beautifier\\client\\src\\components\\ui\\collapsible.tsx',
    'C:\\Users\\Engineering\\OneDrive\\Desktop\\Code-Beautifier\\client\\src\\components\\ui\\command.tsx',
    'C:\\Users\\Engineering\\OneDrive\\Desktop\\Code-Beautifier\\client\\src\\components\\ui\\context-menu.tsx',
    'C:\\Users\\Engineering\\OneDrive\\Desktop\\Code-Beautifier\\client\\src\\components\\ui\\dialog.tsx',
    'C:\\Users\\Engineering\\OneDrive\\Desktop\\Code-Beautifier\\client\\src\\components\\ui\\drawer.tsx',
    'C:\\Users\\Engineering\\OneDrive\\Desktop\\Code-Beautifier\\client\\src\\components\\ui\\dropdown-menu.tsx',
    'C:\\Users\\Engineering\\OneDrive\\Desktop\\Code-Beautifier\\client\\src\\components\\ui\\empty.tsx',
    'C:\\Users\\Engineering\\OneDrive\\Desktop\\Code-Beautifier\\client\\src\\components\\ui\\field.tsx',
    'C:\\Users\\Engineering\\OneDrive\\Desktop\\Code-Beautifier\\client\\src\\components\\ui\\form.tsx',
    'C:\\Users\\Engineering\\OneDrive\\Desktop\\Code-Beautifier\\client\\src\\components\\ui\\hover-card.tsx',
    'C:\\Users\\Engineering\\OneDrive\\Desktop\\Code-Beautifier\\client\\src\\components\\ui\\input-group.tsx',
    'C:\\Users\\Engineering\\OneDrive\\Desktop\\Code-Beautifier\\client\\src\\components\\ui\\input-otp.tsx',
    'C:\\Users\\Engineering\\OneDrive\\Desktop\\Code-Beautifier\\client\\src\\components\\ui\\input.tsx',
    'C:\\Users\\Engineering\\OneDrive\\Desktop\\Code-Beautifier\\client\\src\\components\\ui\\item.tsx',
    'C:\\Users\\Engineering\\OneDrive\\Desktop\\Code-Beautifier\\client\\src\\components\\ui\\kbd.tsx',
    'C:\\Users\\Engineering\\OneDrive\\Desktop\\Code-Beautifier\\client\\src\\components\\ui\\label.tsx',
    'C:\\Users\\Engineering\\OneDrive\\Desktop\\Code-Beautifier\\client\\src\\components\\ui\\menubar.tsx',
    'C:\\Users\\Engineering\\OneDrive\\Desktop\\Code-Beautifier\\client\\src\\components\\ui\\navigation-menu.tsx',
    'C:\\Users\\Engineering\\OneDrive\\Desktop\\Code-Beautifier\\client\\src\\components\\ui\\pagination.tsx',
    'C:\\Users\\Engineering\\OneDrive\\Desktop\\Code-Beautifier\\client\\src\\components\\ui\\popover.tsx',
    'C:\\Users\\Engineering\\OneDrive\\Desktop\\Code-Beautifier\\client\\src\\components\\ui\\progress.tsx',
    'C:\\Users\\Engineering\\OneDrive\\Desktop\\Code-Beautifier\\client\\src\\components\\ui\\radio-group.tsx',
    'C:\\Users\\Engineering\\OneDrive\\Desktop\\Code-Beautifier\\client\\src\\components\\ui\\resizable.tsx',
    'C:\\Users\\Engineering\\OneDrive\\Desktop\\Code-Beautifier\\client\\src\\components\\ui\\scroll-area.tsx',
    'C:\\Users\\Engineering\\OneDrive\\Desktop\\Code-Beautifier\\client\\src\\components\\ui\\select.tsx',
    'C:\\Users\\Engineering\\OneDrive\\Desktop\\Code-Beautifier\\client\\src\\components\\ui\\separator.tsx',
    'C:\\Users\\Engineering\\OneDrive\\Desktop\\Code-Beautifier\\client\\src\\components\\ui\\sheet.tsx',
    'C:\\Users\\Engineering\\OneDrive\\Desktop\\Code-Beautifier\\client\\src\\components\\ui\\sidebar.tsx',
    'C:\\Users\\Engineering\\OneDrive\\Desktop\\Code-Beautifier\\client\\src\\components\\ui\\skeleton.tsx',
    'C:\\Users\\Engineering\\OneDrive\\Desktop\\Code-Beautifier\\client\\src\\components\\ui\\slider.tsx',
    'C:\\Users\\Engineering\\OneDrive\\Desktop\\Code-Beautifier\\client\\src\\components\\ui\\sonner.tsx',
    'C:\\Users\\Engineering\\OneDrive\\Desktop\\Code-Beautifier\\client\\src\\components\\ui\\spinner.tsx',
    'C:\\Users\\Engineering\\OneDrive\\Desktop\\Code-Beautifier\\client\\src\\components\\ui\\switch.tsx',
    'C:\\Users\\Engineering\\OneDrive\\Desktop\\Code-Beautifier\\client\\src\\components\\ui\\table.tsx',
    'C:\\Users\\Engineering\\OneDrive\\Desktop\\Code-Beautifier\\client\\src\\components\\ui\\tabs.tsx',
    'C:\\Users\\Engineering\\OneDrive\\Desktop\\Code-Beautifier\\client\\src\\components\\ui\\textarea.tsx',
    'C:\\Users\\Engineering\\OneDrive\\Desktop\\Code-Beautifier\\client\\src\\components\\ui\\toast.tsx',
    'C:\\Users\\Engineering\\OneDrive\\Desktop\\Code-Beautifier\\client\\src\\components\\ui\\toaster.tsx',
    'C:\\Users\\Engineering\\OneDrive\\Desktop\\Code-Beautifier\\client\\src\\components\\ui\\toggle-group.tsx',
    'C:\\Users\\Engineering\\OneDrive\\Desktop\\Code-Beautifier\\client\\src\\components\\ui\\toggle.tsx',
    'C:\\Users\\Engineering\\OneDrive\\Desktop\\Code-Beautifier\\client\\src\\components\\ui\\tooltip.tsx',
    'C:\\Users\\Engineering\\OneDrive\\Desktop\\Code-Beautifier\\client\\src\\hooks\\use-mobile.tsx',
    'C:\\Users\\Engineering\\OneDrive\\Desktop\\Code-Beautifier\\client\\src\\hooks\\use-toast.ts',
    'C:\\Users\\Engineering\\OneDrive\\Desktop\\Code-Beautifier\\client\\src\\lib\\auth.tsx',
    'C:\\Users\\Engineering\\OneDrive\\Desktop\\Code-Beautifier\\client\\src\\lib\\queryClient.ts',
    'C:\\Users\\Engineering\\OneDrive\\Desktop\\Code-Beautifier\\client\\src\\lib\\store.tsx',
    'C:\\Users\\Engineering\\OneDrive\\Desktop\\Code-Beautifier\\client\\src\\lib\\utils.ts',
    'C:\\Users\\Engineering\\OneDrive\\Desktop\\Code-Beautifier\\client\\src\\main.tsx',
    'C:\\Users\\Engineering\\OneDrive\\Desktop\\Code-Beautifier\\client\\src\\pages\\admin.tsx',
    'C:\\Users\\Engineering\\OneDrive\\Desktop\\Code-Beautifier\\client\\src\\pages\\editor.tsx',
    'C:\\Users\\Engineering\\OneDrive\\Desktop\\Code-Beautifier\\client\\src\\pages\\landing.tsx',
    'C:\\Users\\Engineering\\OneDrive\\Desktop\\Code-Beautifier\\client\\src\\pages\\login.tsx',
    'C:\\Users\\Engineering\\OneDrive\\Desktop\\Code-Beautifier\\client\\src\\pages\\not-found.tsx',
    'C:\\Users\\Engineering\\OneDrive\\Desktop\\Code-Beautifier\\client\\src\\pages\\preview.tsx',
    'C:\\Users\\Engineering\\OneDrive\\Desktop\\Code-Beautifier\\client\\src\\pages\\templates.tsx',
    '*',
    'src/**/*.{aspx,astro,cjs,css,cts,eex,erb,gjs,gts,haml,handlebars,hbs,heex,html,jade,js,jsx,liquid,md,mdx,mjs,mts,mustache,njk,nunjucks,php,pug,py,razor,rb,rhtml,rs,slim,svelte,tpl,ts,tsx,twig,vue}',
    'C:/Users/Engineering/OneDrive/Desktop/Code-Beautifier/node_modules/react/cjs/react-jsx-runtime.production.js',
    'C:/Users/Engineering/OneDrive/Desktop/Code-Beautifier/node_modules/react-dom/cjs/react-dom-client.production.js',
    'C:/Users/Engineering/OneDrive/Desktop/Code-Beautifier/node_modules/@tanstack/react-query/build/modern/index.js',
    'C:/Users/Engineering/OneDrive/Desktop/Code-Beautifier/node_modules/wouter/src/index.js',
    'C:/Users/Engineering/OneDrive/Desktop/Code-Beautifier/client/src/components/ui/toaster.tsx',
    'C:/Users/Engineering/OneDrive/Desktop/Code-Beautifier/client/src/lib/queryClient.ts',
    'C:/Users/Engineering/OneDrive/Desktop/Code-Beautifier/client/src/pages/landing.tsx',
    'C:/Users/Engineering/OneDrive/Desktop/Code-Beautifier/client/src/pages/not-found.tsx',
    'C:/Users/Engineering/OneDrive/Desktop/Code-Beautifier/client/src/pages/templates.tsx',
    'C:/Users/Engineering/OneDrive/Desktop/Code-Beautifier/client/src/components/ui/tooltip.tsx',
    'C:/Users/Engineering/OneDrive/Desktop/Code-Beautifier/client/src/pages/editor.tsx',
    'C:/Users/Engineering/OneDrive/Desktop/Code-Beautifier/client/src/pages/preview.tsx',
    'C:/Users/Engineering/OneDrive/Desktop/Code-Beautifier/client/src/pages/admin.tsx',
    'C:/Users/Engineering/OneDrive/Desktop/Code-Beautifier/client/src/pages/login.tsx',
    'C:/Users/Engineering/OneDrive/Desktop/Code-Beautifier/client/src/lib/store.tsx',
    'C:/Users/Engineering/OneDrive/Desktop/Code-Beautifier/client/src/lib/auth.tsx',
    'C:/Users/Engineering/OneDrive/Desktop/Code-Beautifier/node_modules/scheduler/index.js',
    'C:/Users/Engineering/OneDrive/Desktop/Code-Beautifier/node_modules/react-dom/index.js',
    ... 25 more items
  ]
}
